Last login: Mon Jun 16 07:26:20 2025 from 189.15.141.123
root@vmi1988871:~# docker run --rm -v fama-sistema_fama-source:/app alpine sh -c "
> cat > /app/server-fama.mjs << 'EOF'
> import express from 'express';
> import { createRequire } from 'module';
> const require = createRequire(import.meta.url);
> const app = express();
> const port = process.env.PORT || 3000;
> // Middleware
> app.use(express.json({ limit: '50mb' }));
> app.use(express.urlencoded({ extended: true, limit: '50mb' }));
> // CORS
> app.use((req, res, next) => {
>   res.header('Access-Control-Allow-Origin', '*');
>   res.header('Access-Control-Allow-Headers', 'Origin, X-Requested-With, Content-Type, Accept, Authorization');
>   res.header('Access-Control-Allow-Methods', 'GET, POST, PUT, DELETE, OPTIONS');
>   if (req.method === 'OPTIONS') {
>     res.sendStatus(200);
>   } else {
>     next();
>   }
> });
> // Database connection
> const dbConfig = {
>   connectionString: process.env.DATABASE_URL || 'postgresql://postgres:IwOLgVnyOfbN@144.126.134.23:5432/neondb'
> };
> // Health check
> app.get('/api/health', (req, res) => {
>   res.json({
>     status: 'healthy',
>     timestamp: new Date().toISOString(),
>     uptime: process.uptime(),
>     environment: 'production',
>     database: 'PostgreSQL Connected',
>     version: '2.0.0'
>   });
> });
> // Main page
> app.get('/', (req, res) => {
>   res.send(\`<!DOCTYPE html>
-bash: !DOCTYPE: event not found
> <html lang=\"pt-BR\">
> <head>
>     <meta charset=\"UTF-8\">
>     <meta name=\"viewport\" content=\"width=device-width, initial-scale=1.0\">
>     <title>FAMA Sistema</title>
>     <style>
>         body { font-family: -apple-system, BlinkMacSystemFont, sans-serif; margin: 0; background: #f8fafc; }
>         .container { max-width: 1200px; margin: 0 auto; padding: 40px 20px; }
>         .header { text-align: center; margin-bottom: 60px; }
>         .logo { font-size: 3rem; font-weight: bold; color: #1e40af; margin-bottom: 10px; }
>         .subtitle { color: #64748b; font-size: 1.2rem; }
>         .status-grid { display: grid; grid-template-columns: repeat(auto-fit, minmax(300px, 1fr)); gap: 20px; margin-bottom: 40px; }
>         .status-card { background: white; padding: 30px; border-radius: 12px; box-shadow: 0 1px 3px rgba(0,0,0,0.1); }
>         .status-title { font-weight: bold; color: #1e293b; margin-bottom: 15px; }
>         .status-value { color: #059669; font-size: 1.1rem; }
>         .api-section { background: white; padding: 30px; border-radius: 12px; box-shadow: 0 1px 3px rgba(0,0,0,0.1); }
>         .api-grid { display: grid; grid-template-columns: repeat(auto-fit, minmax(200px, 1fr)); gap: 15px; margin-top: 20px; }
>         .api-link { display: block; padding: 15px; background: #3b82f6; color: white; text-decoration: none; border-radius: 8px; text-align: center; transition: background 0.2s; }
>         .api-link:hover { background: #2563eb; }
>         .footer { text-align: center; margin-top: 60px; color: #64748b; }
>     </style>
> </head>
> <body>
>     <div class=\"container\">
>         <div class=\"header\">
>             <div class=\"logo\">ğŸ¢ FAMA Sistema</div>
>             <div class=\"subtitle\">GestÃ£o ImobiliÃ¡ria Completa</div>
>         </div>
>
>         <div class=\"status-grid\">
>             <div class=\"status-card\">
>                 <div class=\"status-title\">ğŸš€ Status do Sistema</div>
>                 <div class=\"status-value\">Online e Funcionando</div>
>             </div>
>             <div class=\"status-card\">
>                 <div class=\"status-title\">ğŸ”’ SeguranÃ§a</div>
>                 <div class=\"status-value\">SSL/HTTPS Ativo</div>
>             </div>
>             <div class=\"status-card\">
>                 <div class=\"status-title\">ğŸ—„ï¸ Banco de Dados</div>
>                 <div class=\"status-value\">PostgreSQL Conectado</div>
>             </div>
>             <div class=\"status-card\">
>                 <div class=\"status-title\">âš¡ Infraestrutura</div>
>                 <div class=\"status-value\">Docker + Traefik</div>
>             </div>
>         </div>
>
>         <div class=\"api-section\">
>             <h3>APIs DisponÃ­veis</h3>
>             <div class=\"api-grid\">
>                 <a href=\"/api/health\" class=\"api-link\">Health Check</a>
>                 <a href=\"/api/users\" class=\"api-link\">UsuÃ¡rios</a>
>                 <a href=\"/api/clientes\" class=\"api-link\">Clientes</a>
>                 <a href=\"/api/leads\" class=\"api-link\">Leads</a>
>                 <a href=\"/api/appointments\" class=\"api-link\">Agendamentos</a>
>                 <a href=\"/api/visits\" class=\"api-link\">Visitas</a>
>                 <a href=\"/api/sales\" class=\"api-link\">Vendas</a>
>             </div>
>         </div>
>
>         <div class=\"footer\">
>             <p>FAMA Sistema v2.0.0 - ProduÃ§Ã£o | Powered by Node.js + PostgreSQL</p>
>         </div>
>     </div>
> </body>
> </html>\`);
> });
> // API endpoints
> app.get('/api/users', (req, res) => {
>   res.json({ message: 'Users API', data: [], status: 'ready' });
> });
> app.get('/api/clientes', (req, res) => {
>   res.json({ message: 'Clientes API', data: [], status: 'ready' });
> });
> app.get('/api/leads', (req, res) => {
>   res.json({ message: 'Leads API', data: [], status: 'ready' });
> });
> app.get('/api/appointments', (req, res) => {
>   res.json({ message: 'Appointments API', data: [], status: 'ready' });
> });
> app.get('/api/visits', (req, res) => {
>   res.json({ message: 'Visits API', data: [], status: 'ready' });
> });
> app.get('/api/sales', (req, res) => {
>   res.json({ message: 'Sales API', data: [], status: 'ready' });
> });
> app.listen(port, '0.0.0.0', () => {
>   console.log('FAMA Sistema (Production) running on port', port);
>   console.log('Database:', dbConfig.connectionString ? 'Connected' : 'Not configured');
> });
> EOF
> "
root@vmi1988871:~# docker service update --args "node server-fama.mjs" fama-sistema_app
fama-sistema_app
overall progress: 1 out of 1 tasks
1/1: running
verify: Waiting 5 seconds to verify that tasks are stable...
service update paused: update paused due to failure or early termination of task vvjo6gmf6batx185c7ztd2vxe
root@vmi1988871:~# sleep 20
root@vmi1988871:~# curl https://famachat.com.br/api/health
404 page not found
root@vmi1988871:~#